
--- Testando Administrador ---
node : [POST] Erro: 
Request failed with 
status code 500 {
No linha:1 caractere:1
+ node test-script.js 
> test-results.txt 
2>&1
+ ~~~~~~~~~~~~~~~~~~~~
~~~~~~~~~~~~~~~~~~~~~~
~
    + CategoryInfo    
          : NotSpeci  
  fied: ([POST] Err   
 o: Re...atus code    
 500 {:String) []    
, RemoteException
    + FullyQualifiedE 
   rrorId : NativeCo  
  mmandError
 
  timestamp: '2026-02-
08T14:38:11.971+00:00'
,
  status: 500,
  error: 'Internal 
Server Error',
  path: 
'/api/administradores'
}

--- Testando Usuario ---
[POST] Erro: Request 
failed with status 
code 500 {
  timestamp: '2026-02-
08T14:38:11.981+00:00'
,
  status: 500,
  error: 'Internal 
Server Error',
  path: 
'/api/usuarios'
}

--- Testando Estabelecimento ---
[POST] Erro: Request 
failed with status 
code 500 {
  timestamp: '2026-02-
08T14:38:11.985+00:00'
,
  status: 500,
  error: 'Internal 
Server Error',
  path: '/api/estabele
cimentos'
}

--- Testando Profissional ---
[POST] Erro: Request 
failed with status 
code 500 {
  timestamp: '2026-02-
08T14:38:11.992+00:00'
,
  status: 500,
  error: 'Internal 
Server Error',
  path: '/api/profissi
onais/cadastro'
}
